---
source: baml-lib/ir_hasher/tests/integration/snapshot_tests.rs
expression: snapshot_data
---
- name: TestEmptyArrays
  type: Function
  interface_hash: 3492374259326392183
  implementation_hash: 5319113360549152601
  dependencies:
    - SimpleArrays
- name: TestLargeArrays
  type: Function
  interface_hash: 13794719472903896863
  implementation_hash: 13307946081114523732
  dependencies:
    - SimpleArrays
- name: TestMixedArrays
  type: Function
  interface_hash: 8974575036682926030
  implementation_hash: 3737760749920556882
  dependencies:
    - MixedArrays
    - Product
    - Tag
    - User
- name: TestNestedArrays
  type: Function
  interface_hash: 10846384073842022324
  implementation_hash: 11496288890905319385
  dependencies:
    - NestedArrays
- name: TestObjectArrays
  type: Function
  interface_hash: 1195248908650850343
  implementation_hash: 1497789936512439667
  dependencies:
    - ObjectArrays
    - Product
    - Tag
    - User
- name: TestSimpleArrays
  type: Function
  interface_hash: 5836697478491621203
  implementation_hash: 6005153311382248976
  dependencies:
    - SimpleArrays
- name: TestTopLevel3DArray
  type: Function
  interface_hash: 12695529633528285400
  implementation_hash: 1700362406803215443
  dependencies: []
- name: TestTopLevelArrayOfMaps
  type: Function
  interface_hash: 12220520301937235482
  implementation_hash: 1019274503896637513
  dependencies: []
- name: TestTopLevelBoolArray
  type: Function
  interface_hash: 17689629069478916730
  implementation_hash: 6990986007645329469
  dependencies: []
- name: TestTopLevelEmptyArray
  type: Function
  interface_hash: 8465454646734159199
  implementation_hash: 6174385222404056526
  dependencies: []
- name: TestTopLevelFloatArray
  type: Function
  interface_hash: 15488925752733072506
  implementation_hash: 11601443410036932995
  dependencies: []
- name: TestTopLevelIntArray
  type: Function
  interface_hash: 10896451016666823345
  implementation_hash: 3682534644642557259
  dependencies: []
- name: TestTopLevelMixedArray
  type: Function
  interface_hash: 14437923932506865735
  implementation_hash: 6472560534633751328
  dependencies: []
- name: TestTopLevelNestedArray
  type: Function
  interface_hash: 18333722226561834394
  implementation_hash: 908165380377864436
  dependencies: []
- name: TestTopLevelNullableArray
  type: Function
  interface_hash: 9327011056873323606
  implementation_hash: 16087203455452245622
  dependencies: []
- name: TestTopLevelObjectArray
  type: Function
  interface_hash: 8845985453324232799
  implementation_hash: 13480567042034654420
  dependencies:
    - User
- name: TestTopLevelStringArray
  type: Function
  interface_hash: 5428771092913864465
  implementation_hash: 3411632434734012997
  dependencies: []
- name: ArrayWithConstraints
  type: Class
  interface_hash: 14416302014741313460
  implementation_hash: 6107955442959387675
  dependencies: []
- name: MixedArrays
  type: Class
  interface_hash: 14829527413578666034
  implementation_hash: 11903790900986869774
  dependencies:
    - Product
    - Tag
    - User
- name: NestedArrays
  type: Class
  interface_hash: 555667840203056905
  implementation_hash: 2944788980458092163
  dependencies: []
- name: ObjectArrays
  type: Class
  interface_hash: 12061260456880854010
  implementation_hash: 3914212621556119367
  dependencies:
    - Product
    - Tag
    - User
- name: Product
  type: Class
  interface_hash: 2211936764444237603
  implementation_hash: 14927560197010975505
  dependencies: []
- name: SimpleArrays
  type: Class
  interface_hash: 12822794859608812938
  implementation_hash: 1070371245527645836
  dependencies: []
- name: Tag
  type: Class
  interface_hash: 7643425496862304440
  implementation_hash: 17983092245914319620
  dependencies: []
- name: User
  type: Class
  interface_hash: 13771308464804755477
  implementation_hash: 8839429498011075711
  dependencies: []
