---
source: baml-lib/ir_hasher/tests/integration/snapshot_tests.rs
expression: snapshot_data
---
- name: TestKitchenSink
  type: Function
  interface_hash: 4972495695571460259
  implementation_hash: 3340843490501339077
  dependencies:
    - Action
    - Condition
    - Configuration
    - DataObject
    - Environment
    - Error
    - Feature
    - Item
    - KitchenSink
    - Rule
    - Setting
    - SimpleCondition
    - Success
    - User
    - UserProfile
    - Variant
- name: TestRecursiveComplexity
  type: Function
  interface_hash: 17079400562850111714
  implementation_hash: 3372970871632043595
  dependencies:
    - Node
    - NodeMetadata
- name: TestUltraComplex
  type: Function
  interface_hash: 7596993101437978980
  implementation_hash: 4097185290916092266
  dependencies:
    - Asset
    - AssetMetadata
    - ButtonWidget
    - ComplexData
    - ContainerWidget
    - Dimensions
    - ErrorDetail
    - ImageWidget
    - Node
    - NodeMetadata
    - PrimaryData
    - Record
    - ResponseMetadata
    - SecondaryData
    - Setting
    - TertiaryData
    - TextWidget
    - UltraComplex
    - User
    - UserProfile
    - UserResponse
    - Widget
- name: Action
  type: Class
  interface_hash: 9522460341314269802
  implementation_hash: 11693073670206158209
  dependencies: []
- name: Asset
  type: Class
  interface_hash: 15506665888765175244
  implementation_hash: 12149007091149077847
  dependencies:
    - AssetMetadata
- name: AssetMetadata
  type: Class
  interface_hash: 7929090002452358572
  implementation_hash: 17030409726468955737
  dependencies: []
- name: ButtonWidget
  type: Class
  interface_hash: 520899672748787021
  implementation_hash: 15028235443813589477
  dependencies: []
- name: ComplexData
  type: Class
  interface_hash: 8375053018950728642
  implementation_hash: 8787735787466422482
  dependencies:
    - PrimaryData
    - Record
    - SecondaryData
    - TertiaryData
- name: Condition
  type: Class
  interface_hash: 15101539059259869846
  implementation_hash: 381861151834385266
  dependencies:
    - Condition
    - SimpleCondition
- name: Configuration
  type: Class
  interface_hash: 12429958618999043893
  implementation_hash: 1745233473301070439
  dependencies:
    - Action
    - Condition
    - Environment
    - Feature
    - Rule
    - SimpleCondition
- name: ContainerWidget
  type: Class
  interface_hash: 2409541104103423993
  implementation_hash: 7653930648112213546
  dependencies:
    - ButtonWidget
    - ContainerWidget
    - Dimensions
    - ImageWidget
    - TextWidget
    - Widget
- name: DataObject
  type: Class
  interface_hash: 10603726414605968737
  implementation_hash: 1310370101277185120
  dependencies: []
- name: Dimensions
  type: Class
  interface_hash: 15548631065490874446
  implementation_hash: 2311099619898123601
  dependencies: []
- name: Environment
  type: Class
  interface_hash: 10298671593927767158
  implementation_hash: 5546792161673392646
  dependencies: []
- name: Error
  type: Class
  interface_hash: 8293850162492855533
  implementation_hash: 15300833875723484471
  dependencies: []
- name: ErrorDetail
  type: Class
  interface_hash: 16397741706387341240
  implementation_hash: 13027954782789659631
  dependencies: []
- name: Feature
  type: Class
  interface_hash: 104939609117001403
  implementation_hash: 2131740197428097067
  dependencies: []
- name: ImageWidget
  type: Class
  interface_hash: 8013998465964395915
  implementation_hash: 16039692717074403357
  dependencies:
    - Dimensions
- name: Item
  type: Class
  interface_hash: 14042815507081131634
  implementation_hash: 15117350084806683487
  dependencies:
    - Variant
- name: KitchenSink
  type: Class
  interface_hash: 12666661012967625599
  implementation_hash: 13307340987007510571
  dependencies:
    - Action
    - Condition
    - Configuration
    - DataObject
    - Environment
    - Error
    - Feature
    - Item
    - Rule
    - Setting
    - SimpleCondition
    - Success
    - User
    - UserProfile
    - Variant
- name: Node
  type: Class
  interface_hash: 2633691707983727355
  implementation_hash: 11991279841080562019
  dependencies:
    - Node
    - NodeMetadata
- name: NodeMetadata
  type: Class
  interface_hash: 15064994446067421013
  implementation_hash: 4196957786173508105
  dependencies: []
- name: PrimaryData
  type: Class
  interface_hash: 7622537143716345501
  implementation_hash: 13343536916629292933
  dependencies: []
- name: Record
  type: Class
  interface_hash: 13755279529680250909
  implementation_hash: 4154436102521195415
  dependencies:
    - Record
- name: ResponseMetadata
  type: Class
  interface_hash: 11558750297681357165
  implementation_hash: 1187659338815225588
  dependencies: []
- name: Rule
  type: Class
  interface_hash: 3567133159978285154
  implementation_hash: 5418997895494964853
  dependencies:
    - Action
    - Condition
    - SimpleCondition
- name: SecondaryData
  type: Class
  interface_hash: 10934785029619377873
  implementation_hash: 1099944481057921227
  dependencies:
    - Record
- name: Setting
  type: Class
  interface_hash: 3276762153199195438
  implementation_hash: 9632744870502204854
  dependencies: []
- name: SimpleCondition
  type: Class
  interface_hash: 10329167927704020259
  implementation_hash: 6558732176723946969
  dependencies: []
- name: Success
  type: Class
  interface_hash: 17415032117838870662
  implementation_hash: 7253003537467120282
  dependencies: []
- name: TertiaryData
  type: Class
  interface_hash: 8190462923117974732
  implementation_hash: 16149251517452755830
  dependencies: []
- name: TextWidget
  type: Class
  interface_hash: 1608687243669252451
  implementation_hash: 18253468155527546152
  dependencies: []
- name: UltraComplex
  type: Class
  interface_hash: 1232014588245735385
  implementation_hash: 13752322167186115448
  dependencies:
    - Asset
    - AssetMetadata
    - ButtonWidget
    - ComplexData
    - ContainerWidget
    - Dimensions
    - ErrorDetail
    - ImageWidget
    - Node
    - NodeMetadata
    - PrimaryData
    - Record
    - ResponseMetadata
    - SecondaryData
    - Setting
    - TertiaryData
    - TextWidget
    - User
    - UserProfile
    - UserResponse
    - Widget
- name: User
  type: Class
  interface_hash: 6709872449626142610
  implementation_hash: 7073918801090112193
  dependencies:
    - Setting
    - UserProfile
- name: UserProfile
  type: Class
  interface_hash: 1490993837926761515
  implementation_hash: 15326036982985179670
  dependencies: []
- name: UserResponse
  type: Class
  interface_hash: 16093691863041393326
  implementation_hash: 11803251319809314861
  dependencies:
    - ErrorDetail
    - ResponseMetadata
    - Setting
    - User
    - UserProfile
- name: Variant
  type: Class
  interface_hash: 9706146664281223861
  implementation_hash: 4844370150404676364
  dependencies: []
- name: Widget
  type: Class
  interface_hash: 4907620767553436269
  implementation_hash: 11333923426457156622
  dependencies:
    - ButtonWidget
    - ContainerWidget
    - Dimensions
    - ImageWidget
    - TextWidget
    - Widget
